docker rm -f 'sample' >/dev/null 2>&1 || true
docker run -d --name sample --restart always -p 8080:8080 -p 9090:9090 -e "LD_APP=sample-svc" -e "LD_RELEASE_DIR=/opt/deploy/sample-svc/current" -e "LD_SHARED_DIR=/opt/deploy/sample-svc/shared" -e "LD_VERSION=2.0.0" -v /srv/data:/data --pull=never 'sha256:0000111122223333444455556666777788889999aaaabbbbccccddddeeeeffff' || exit 44
exit 0