powershell.exe -NoProfile -NonInteractive -ExecutionPolicy Bypass -EncodedCommand JABlAG4AdgA6AEcAUgBFAEUAVABJAE4ARwA9ACcATwAnACcAQgByAGkAZQBuACcACgAkAGUAbgB2ADoAVABPAEsARQBOAD0AJwBzADMAYwByADMAdAAtAHYAYQBsAHUAZQAnAAoAVwByAGkAdABlAC0ATwB1AHQAcAB1AHQAIAAkAGUAbgB2ADoARwBSAEUARQBUAEkATgBHAAoAVwByAGkAdABlAC0ATwB1AHQAcAB1AHQAIAAnAGwAYQB1AG4AYwBoACcACgA=