powershell.exe -NoProfile -NonInteractive -ExecutionPolicy Bypass -EncodedCommand JABlAG4AdgA6AEcAUgBFAEUAVABJAE4ARwA9ACcATwAnACcAQgByAGkAZQBuACcAOwAKACQAZQBuAHYAOgBUAE8ASwBFAE4APQAnAHMAMwBjAHIAMwB0AC0AdgBhAGwAdQBlACcAOwAKAFcAcgBpAHQAZQAtAE8AdQB0AHAAdQB0ACAAJABlAG4AdgA6AEcAUgBFAEUAVABJAE4ARwAKAFcAcgBpAHQAZQAtAE8AdQB0AHAAdQB0ACAAJwBsAGEAdQBuAGMAaAAnAAoA